<?xml version="1.0" standalone="yes"?>
<rhythmdb version="2.0">
  <entry type="song">
    <title>Downtown (feat. Melle Mel, Grandmaster Caz, Kool Moe Dee &amp; Eric Nally)</title>
    <genre>Rap</genre>
    <artist>Macklemore &amp; Ryan Lewis</artist>
    <album>This Unruly Mess I've Made</album>
    <track-number>2</track-number>
    <track-total>13</track-total>
    <disc-number>1</disc-number>
    <disc-total>1</disc-total>
    <duration>294</duration>
    <file-size>12123347</file-size>
    <location>file:///home/pha/Music/Macklemore%20&amp;%20Ryan%20Lewis/This%20Unruly%20Mess%20I%E2%80%99ve%20Made%20(2016)/02%20Downtown%20(feat.%20Melle%20Mel,%20Grandm.mp3</location>
    <mountpoint>file:///media/pha/Data</mountpoint>
    <mtime>1456500517</mtime>
    <first-seen>1474206048</first-seen>
    <last-seen>1474206048</last-seen>
    <bitrate>319</bitrate>
    <date>736020</date>
    <media-type>audio/mpeg</media-type>
    <album-artist>Macklemore &amp; Ryan Lewis</album-artist>
    <composer>Unknown</composer>
  </entry>
  <entry type="song">
    <title>Schusse in die Luft</title>
    <genre>Rock</genre>
    <artist>Kraftklub</artist>
    <album>In Schwarz</album>
    <track-number>5</track-number>
    <track-total>16</track-total>
    <disc-number>1</disc-number>
    <disc-total>1</disc-total>
    <duration>248</duration>
    <file-size>10083755</file-size>
    <location>file:///home/pha/Music/Kraftklub/In%20Schwarz%20(2014)%20(Deluxe%20Edition)/05%20-%20Sch%C3%BCsse%20in%20die%20Luft.mp3</location>
    <mountpoint>file:///media/pha/Data</mountpoint>
    <mtime>1410475360</mtime>
    <first-seen>1474206064</first-seen>
    <last-seen>1474206064</last-seen>
    <rating>4</rating>
    <bitrate>320</bitrate>
    <date>735234</date>
    <media-type>audio/mpeg</media-type>
    <comment>WrzMusic.biz</comment>
    <album-artist>Kraftklub</album-artist>
    <composer>Unknown</composer>
  </entry>
  <entry type="song">
    <title>Unsere Fans</title>
    <genre>Rock</genre>
    <artist>Kraftklub</artist>
    <album>In Schwarz</album>
    <track-number>1</track-number>
    <track-total>16</track-total>
    <disc-number>1</disc-number>
    <disc-total>1</disc-total>
    <duration>230</duration>
    <file-size>9353356</file-size>
    <location>file:///home/pha/Music/Kraftklub/In%20Schwarz%20(2014)%20(Deluxe%20Edition)/01%20-%20Unsere%20Fans.mp3</location>
    <mountpoint>file:///media/pha/Data</mountpoint>
    <mtime>1410475360</mtime>
    <first-seen>1474206064</first-seen>
    <last-seen>1474206064</last-seen>
    <rating>3</rating>
    <play-count>1</play-count>
    <last-played>1474205837</last-played>
    <bitrate>320</bitrate>
    <date>735234</date>
    <media-type>audio/mpeg</media-type>
    <comment>WrzMusic.biz</comment>
    <album-artist>Kraftklub</album-artist>
    <composer>Unknown</composer>
  </entry>
  <entry type="song">
    <title>So oder so</title>
    <genre>Rock</genre>
    <artist>Bosse</artist>
    <album>Kraniche (Deluxe Edition, CD1)</album>
    <track-number>4</track-number>
    <track-total>12</track-total>
    <disc-number>1</disc-number>
    <disc-total>2</disc-total>
    <duration>189</duration>
    <file-size>7765882</file-size>
    <location>file:///home/pha/Music/Bosse/Kraniche%20(Deluxe%20Edition)%20(2CD)%20(2013)/Disc1/4%20So%20oder%20so.mp3</location>
    <mountpoint>file:///media/pha/Data</mountpoint>
    <mtime>1362769966</mtime>
    <first-seen>1474206016</first-seen>
    <last-seen>1474206016</last-seen>
    <rating>4</rating>
    <play-count>4</play-count>
    <last-played>1474205721</last-played>
    <bitrate>320</bitrate>
    <date>734869</date>
    <media-type>audio/mpeg</media-type>
    <composer>Unknown</composer>
  </entry>
  <entry type="song">
    <title>Shattered (Turn The Car Around)</title>
    <genre>Rock</genre>
    <artist>O.A.R.</artist>
    <album>Live On Red Rocks (CD1)</album>
    <track-number>3</track-number>
    <track-total>12</track-total>
    <disc-number>1</disc-number>
    <disc-total>2</disc-total>
    <duration>327</duration>
    <file-size>13152049</file-size>
    <location>file:///home/pha/Music/O.A.R/Live%20On%20Red%20Rocks%20(CD1)/1-03%20Shattered%20(Turn%20The%20Car%20Around).mp3</location>
    <mountpoint>file:///media/pha/Data</mountpoint>
    <mtime>1356631384</mtime>
    <first-seen>1474206109</first-seen>
    <last-seen>1474206109</last-seen>
    <rating>2</rating>
    <play-count>2</play-count>
    <last-played>1474205861</last-played>
    <bitrate>320</bitrate>
    <date>734503</date>
    <media-type>audio/mpeg</media-type>
    <composer>Not Documented</composer>
  </entry>
  <entry type="song">
    <title>The Black Market</title>
    <genre>Unknown</genre>
    <artist>Rise Against</artist>
    <album>The Black Market</album>
    <track-number>4</track-number>
    <duration>256</duration>
    <file-size>10272817</file-size>
    <location>file:///home/pha/Music/Rise%20Against/The%20Black%20Market%20(2014)/04.%20The%20Black%20Market.flac.MP3</location>
    <mountpoint>file:///media/pha/Data</mountpoint>
    <mtime>1463245781</mtime>
    <first-seen>1474206093</first-seen>
    <last-seen>1474206093</last-seen>
    <bitrate>320</bitrate>
    <date>735234</date>
    <media-type>audio/mpeg</media-type>
    <composer>Unknown</composer>
  </entry>
  <entry type="song">
    <title>Einmal um die Welt</title>
    <genre>Hip-Hop</genre>
    <artist>Cro</artist>
    <album>Raop</album>
    <track-number>11</track-number>
    <duration>141</duration>
    <file-size>5681347</file-size>
    <location>file:///home/pha/Music/Cro/Raop%20(Premium%20Edition)%20(2012)/11%20-%20Einmal%20um%20die%20Welt.mp3</location>
    <mountpoint>file:///media/pha/Data</mountpoint>
    <mtime>1341503787</mtime>
    <first-seen>1474206039</first-seen>
    <last-seen>1474206039</last-seen>
    <play-count>3</play-count>
    <last-played>1474205822</last-played>
    <bitrate>319</bitrate>
    <date>734503</date>
    <media-type>audio/mpeg</media-type>
    <album-artist>Cro</album-artist>
    <composer>Unknown</composer>
  </entry>
</rhythmdb>
