<?xml version="1.0"?>
<rhythmdb-playlists>
  <playlist browser-position="231" name="MyPlaylist" search-type="search-match" show-browser="true" type="static"/>
</rhythmdb-playlists>

